2026-04-20 21:03:12.784-04:00 INFO  c.m.a.a.i.c.ConfigurationBuilder - Some telemetry may be sampled out because a default sampling configuration was added in version 3.4.0 to reduce the default billing cost. You can set the sampling configuration explicitly: https://learn.microsoft.com/azure/azure-monitor/app/java-standalone-config#sampling
2026-04-20 21:03:13.016-04:00 ERROR c.m.applicationinsights.agent - 
*************************
Application Insights Java Agent 3.7.8 startup failed (PID 62800)
*************************

Description:
No connection string provided

Action:
Please provide connection string: https://go.microsoft.com/fwlink/?linkid=2153358

2026-04-20 21:07:02.812-04:00 INFO  c.m.a.a.i.c.ConfigurationBuilder - Some telemetry may be sampled out because a default sampling configuration was added in version 3.4.0 to reduce the default billing cost. You can set the sampling configuration explicitly: https://learn.microsoft.com/azure/azure-monitor/app/java-standalone-config#sampling
2026-04-20 21:07:03.048-04:00 ERROR c.m.applicationinsights.agent - 
*************************
Application Insights Java Agent 3.7.8 startup failed (PID 60188)
*************************

Description:
No connection string provided

Action:
Please provide connection string: https://go.microsoft.com/fwlink/?linkid=2153358

2026-04-21 21:11:47.647-04:00 INFO  c.m.a.a.i.c.ConfigurationBuilder - Some telemetry may be sampled out because a default sampling configuration was added in version 3.4.0 to reduce the default billing cost. You can set the sampling configuration explicitly: https://learn.microsoft.com/azure/azure-monitor/app/java-standalone-config#sampling
2026-04-21 21:11:47.857-04:00 ERROR c.m.applicationinsights.agent - 
*************************
Application Insights Java Agent 3.7.8 startup failed (PID 36416)
*************************

Description:
No connection string provided

Action:
Please provide connection string: https://go.microsoft.com/fwlink/?linkid=2153358

2026-04-21 21:16:48.841-04:00 INFO  c.m.a.a.i.c.ConfigurationBuilder - Some telemetry may be sampled out because a default sampling configuration was added in version 3.4.0 to reduce the default billing cost. You can set the sampling configuration explicitly: https://learn.microsoft.com/azure/azure-monitor/app/java-standalone-config#sampling
2026-04-21 21:16:49.076-04:00 ERROR c.m.applicationinsights.agent - 
*************************
Application Insights Java Agent 3.7.8 startup failed (PID 77224)
*************************

Description:
No connection string provided

Action:
Please provide connection string: https://go.microsoft.com/fwlink/?linkid=2153358

2026-04-21 21:18:40.872-04:00 INFO  c.m.a.a.i.c.ConfigurationBuilder - Some telemetry may be sampled out because a default sampling configuration was added in version 3.4.0 to reduce the default billing cost. You can set the sampling configuration explicitly: https://learn.microsoft.com/azure/azure-monitor/app/java-standalone-config#sampling
2026-04-21 21:18:41.088-04:00 ERROR c.m.applicationinsights.agent - 
*************************
Application Insights Java Agent 3.7.8 startup failed (PID 18328)
*************************

Description:
No connection string provided

Action:
Please provide connection string: https://go.microsoft.com/fwlink/?linkid=2153358

